[dotenv@17.2.3] injecting env (0) from .env.local -- tip: ⚙️  enable debug logging with { debug: true }
{
  "worker_version": "TCGPLAYER_MARKET_ACTIVE_ASK_REFRESH_V1",
  "status": "passed",
  "mode": "apply",
  "started_at": "2026-08-05T08:15:13.452Z",
  "finished_at": "2026-08-05T08:17:20.956Z",
  "database_session": {
    "statement_timeout": "20min",
    "enable_nestloop": "off"
  },
  "before": {
    "row_count": 3227,
    "invalid_row_count": 0,
    "stale_row_count": 0,
    "oldest_observed_at": "2026-08-03T04:11:22.537Z",
    "newest_observed_at": "2026-08-03T14:57:55.334Z"
  },
  "after": {
    "row_count": 3227,
    "invalid_row_count": 0,
    "stale_row_count": 0,
    "oldest_observed_at": "2026-08-03T04:11:22.537Z",
    "newest_observed_at": "2026-08-03T14:57:55.334Z"
  },
  "findings": [],
  "artifact_root": "../../../var/lib/grookai/market-pricing/TCGPLAYER-MARKET-SCHEDULE-CANARY-2026-08-05/pipeline/TCGPLAYER-MARKET-SCHEDULE-CANARY-2026-08-05/active_ask_refresh/2026-08-05T08-15-12-578Z"
}
