[dotenv@17.2.3] injecting env (0) from .env.local -- tip: ⚙️  write to custom object with { processEnv: myObject }
{
  "worker_version": "TCGPLAYER_MARKET_ACTIVE_ASK_REFRESH_V1",
  "status": "passed",
  "mode": "apply",
  "started_at": "2026-07-29T20:25:12.138Z",
  "finished_at": "2026-07-29T20:25:17.604Z",
  "before": {
    "row_count": 0,
    "invalid_row_count": 0,
    "stale_row_count": 0,
    "oldest_observed_at": null,
    "newest_observed_at": null
  },
  "after": {
    "row_count": 0,
    "invalid_row_count": 0,
    "stale_row_count": 0,
    "oldest_observed_at": null,
    "newest_observed_at": null
  },
  "findings": [],
  "artifact_root": "../../../var/lib/grookai/market-pricing/TCGPLAYER-MARKET-SCHEDULE-CANARY-2026-07-29-REPAIR3/pipeline/TCGPLAYER-MARKET-SCHEDULE-CANARY-2026-07-29-REPAIR3/active_ask_refresh/2026-07-29T20-25-11-508Z"
}
