[dotenv@17.2.3] injecting env (0) from .env.local -- tip: ⚙️  specify custom .env file path with { path: '/custom/path/.env' }
{
  "worker_version": "TCGPLAYER_MARKET_ACTIVE_ASK_REFRESH_V1",
  "status": "passed",
  "mode": "apply",
  "started_at": "2026-07-30T17:48:02.789Z",
  "finished_at": "2026-07-30T17:49:22.737Z",
  "database_session": {
    "statement_timeout": "20min",
    "enable_nestloop": "off"
  },
  "before": {
    "row_count": 0,
    "invalid_row_count": 0,
    "stale_row_count": 0,
    "oldest_observed_at": null,
    "newest_observed_at": null
  },
  "after": {
    "row_count": 0,
    "invalid_row_count": 0,
    "stale_row_count": 0,
    "oldest_observed_at": null,
    "newest_observed_at": null
  },
  "findings": [],
  "artifact_root": "../../../var/lib/grookai/market-pricing/TCGPLAYER-MARKET-SCHEDULE-CANARY-2026-07-30-REPAIR1/pipeline/TCGPLAYER-MARKET-SCHEDULE-CANARY-2026-07-30-REPAIR1/active_ask_refresh/2026-07-30T17-48-01-923Z"
}
